10.240.1.60 - - [14/Apr/2017:18:39:47 +0000] "GET /IDPLogo2.jpg HTTP/1.1" 304 182 "https://webpage-barva-dylan-dylanb5402.c9users.io/BIO.html" "Mozilla/5.0 (Windows NT 10.0; Win64; x64) AppleWebKit/537.36 (KHTML, like Gecko) Chrome/57.0.2987.133 Safari/537.36"
10.240.0.207 - - [14/Apr/2017:18:39:47 +0000] "GET /top-10-items-data-release.jpg HTTP/1.1" 304 182 "https://webpage-barva-dylan-dylanb5402.c9users.io/BIO.html" "Mozilla/5.0 (Windows NT 10.0; Win64; x64) AppleWebKit/537.36 (KHTML, like Gecko) Chrome/57.0.2987.133 Safari/537.36"
10.240.0.182 - - [14/Apr/2017:18:40:43 +0000] "GET /BIO.html HTTP/1.1" 200 1061 "-" "Mozilla/5.0 (Windows NT 10.0; Win64; x64) AppleWebKit/537.36 (KHTML, like Gecko) Chrome/57.0.2987.133 Safari/537.36"
10.240.0.207 - - [14/Apr/2017:18:40:43 +0000] "GET /BioStylesheet.css HTTP/1.1" 200 1052 "https://webpage-barva-dylan-dylanb5402.c9users.io/BIO.html" "Mozilla/5.0 (Windows NT 10.0; Win64; x64) AppleWebKit/537.36 (KHTML, like Gecko) Chrome/57.0.2987.133 Safari/537.36"
10.240.0.110 - - [14/Apr/2017:18:41:55 +0000] "GET /BIO.html HTTP/1.1" 200 1061 "-" "Mozilla/5.0 (Windows NT 10.0; Win64; x64) AppleWebKit/537.36 (KHTML, like Gecko) Chrome/57.0.2987.133 Safari/537.36"
10.240.0.187 - - [14/Apr/2017:18:41:55 +0000] "GET /BioStylesheet.css HTTP/1.1" 200 1060 "https://webpage-barva-dylan-dylanb5402.c9users.io/BIO.html" "Mozilla/5.0 (Windows NT 10.0; Win64; x64) AppleWebKit/537.36 (KHTML, like Gecko) Chrome/57.0.2987.133 Safari/537.36"
10.240.0.186 - - [14/Apr/2017:18:42:17 +0000] "GET /BIO.html HTTP/1.1" 200 1065 "-" "Mozilla/5.0 (Windows NT 10.0; Win64; x64) AppleWebKit/537.36 (KHTML, like Gecko) Chrome/57.0.2987.133 Safari/537.36"
10.240.1.17 - - [14/Apr/2017:18:42:17 +0000] "GET /BioStylesheet.css HTTP/1.1" 200 1060 "https://webpage-barva-dylan-dylanb5402.c9users.io/BIO.html" "Mozilla/5.0 (Windows NT 10.0; Win64; x64) AppleWebKit/537.36 (KHTML, like Gecko) Chrome/57.0.2987.133 Safari/537.36"
10.240.1.20 - - [14/Apr/2017:18:43:01 +0000] "GET /BIO.html HTTP/1.1" 200 1065 "-" "Mozilla/5.0 (Windows NT 10.0; Win64; x64) AppleWebKit/537.36 (KHTML, like Gecko) Chrome/57.0.2987.133 Safari/537.36"
10.240.1.20 - - [14/Apr/2017:18:43:01 +0000] "GET /BioStylesheet.css HTTP/1.1" 200 1058 "https://webpage-barva-dylan-dylanb5402.c9users.io/BIO.html" "Mozilla/5.0 (Windows NT 10.0; Win64; x64) AppleWebKit/537.36 (KHTML, like Gecko) Chrome/57.0.2987.133 Safari/537.36"
10.240.0.186 - - [14/Apr/2017:18:43:59 +0000] "GET /BIO.html HTTP/1.1" 200 1065 "-" "Mozilla/5.0 (Windows NT 10.0; Win64; x64) AppleWebKit/537.36 (KHTML, like Gecko) Chrome/57.0.2987.133 Safari/537.36"
10.240.0.186 - - [14/Apr/2017:18:43:59 +0000] "GET /BioStylesheet.css HTTP/1.1" 200 1058 "https://webpage-barva-dylan-dylanb5402.c9users.io/BIO.html" "Mozilla/5.0 (Windows NT 10.0; Win64; x64) AppleWebKit/537.36 (KHTML, like Gecko) Chrome/57.0.2987.133 Safari/537.36"
10.240.0.186 - - [14/Apr/2017:18:44:00 +0000] "GET /top-10-items-data-release.jpg HTTP/1.1" 304 182 "https://webpage-barva-dylan-dylanb5402.c9users.io/BIO.html" "Mozilla/5.0 (Windows NT 10.0; Win64; x64) AppleWebKit/537.36 (KHTML, like Gecko) Chrome/57.0.2987.133 Safari/537.36"
10.240.0.119 - - [14/Apr/2017:18:44:22 +0000] "GET /BIO.html HTTP/1.1" 200 1065 "-" "Mozilla/5.0 (Windows NT 10.0; Win64; x64) AppleWebKit/537.36 (KHTML, like Gecko) Chrome/57.0.2987.133 Safari/537.36"
10.240.0.207 - - [14/Apr/2017:18:44:22 +0000] "GET /BioStylesheet.css HTTP/1.1" 200 1058 "https://webpage-barva-dylan-dylanb5402.c9users.io/BIO.html" "Mozilla/5.0 (Windows NT 10.0; Win64; x64) AppleWebKit/537.36 (KHTML, like Gecko) Chrome/57.0.2987.133 Safari/537.36"
10.240.0.119 - - [14/Apr/2017:18:44:39 +0000] "GET /BIO.html HTTP/1.1" 200 1065 "-" "Mozilla/5.0 (Windows NT 10.0; Win64; x64) AppleWebKit/537.36 (KHTML, like Gecko) Chrome/57.0.2987.133 Safari/537.36"
10.240.1.60 - - [14/Apr/2017:18:44:39 +0000] "GET /BioStylesheet.css HTTP/1.1" 200 1055 "https://webpage-barva-dylan-dylanb5402.c9users.io/BIO.html" "Mozilla/5.0 (Windows NT 10.0; Win64; x64) AppleWebKit/537.36 (KHTML, like Gecko) Chrome/57.0.2987.133 Safari/537.36"
10.240.1.15 - - [14/Apr/2017:18:44:59 +0000] "GET /BIO.html HTTP/1.1" 200 1065 "-" "Mozilla/5.0 (Windows NT 10.0; Win64; x64) AppleWebKit/537.36 (KHTML, like Gecko) Chrome/57.0.2987.133 Safari/537.36"
10.240.1.64 - - [14/Apr/2017:18:44:59 +0000] "GET /BioStylesheet.css HTTP/1.1" 200 1058 "https://webpage-barva-dylan-dylanb5402.c9users.io/BIO.html" "Mozilla/5.0 (Windows NT 10.0; Win64; x64) AppleWebKit/537.36 (KHTML, like Gecko) Chrome/57.0.2987.133 Safari/537.36"
10.240.1.60 - - [14/Apr/2017:18:45:21 +0000] "GET /BIO.html HTTP/1.1" 200 1065 "-" "Mozilla/5.0 (Windows NT 10.0; Win64; x64) AppleWebKit/537.36 (KHTML, like Gecko) Chrome/57.0.2987.133 Safari/537.36"
10.240.1.60 - - [14/Apr/2017:18:45:21 +0000] "GET /BioStylesheet.css HTTP/1.1" 200 1058 "https://webpage-barva-dylan-dylanb5402.c9users.io/BIO.html" "Mozilla/5.0 (Windows NT 10.0; Win64; x64) AppleWebKit/537.36 (KHTML, like Gecko) Chrome/57.0.2987.133 Safari/537.36"
10.240.1.17 - - [14/Apr/2017:18:45:21 +0000] "GET /BIO.html HTTP/1.1" 200 1065 "-" "Mozilla/5.0 (Windows NT 10.0; Win64; x64) AppleWebKit/537.36 (KHTML, like Gecko) Chrome/57.0.2987.133 Safari/537.36"
10.240.1.17 - - [14/Apr/2017:18:46:00 +0000] "GET /BIO.html HTTP/1.1" 200 1065 "-" "Mozilla/5.0 (Windows NT 10.0; Win64; x64) AppleWebKit/537.36 (KHTML, like Gecko) Chrome/57.0.2987.133 Safari/537.36"
10.240.1.60 - - [14/Apr/2017:18:46:01 +0000] "GET /BioStylesheet.css HTTP/1.1" 200 1061 "https://webpage-barva-dylan-dylanb5402.c9users.io/BIO.html" "Mozilla/5.0 (Windows NT 10.0; Win64; x64) AppleWebKit/537.36 (KHTML, like Gecko) Chrome/57.0.2987.133 Safari/537.36"
10.240.1.20 - - [14/Apr/2017:18:46:19 +0000] "GET /BioStylesheet.css HTTP/1.1" 200 1061 "https://webpage-barva-dylan-dylanb5402.c9users.io/BIO.html" "Mozilla/5.0 (Windows NT 10.0; Win64; x64) AppleWebKit/537.36 (KHTML, like Gecko) Chrome/57.0.2987.133 Safari/537.36"
10.240.1.17 - - [14/Apr/2017:18:46:41 +0000] "GET /BIO.html HTTP/1.1" 200 1065 "-" "Mozilla/5.0 (Windows NT 10.0; Win64; x64) AppleWebKit/537.36 (KHTML, like Gecko) Chrome/57.0.2987.133 Safari/537.36"
10.240.1.60 - - [14/Apr/2017:18:46:41 +0000] "GET /BioStylesheet.css HTTP/1.1" 200 1062 "https://webpage-barva-dylan-dylanb5402.c9users.io/BIO.html" "Mozilla/5.0 (Windows NT 10.0; Win64; x64) AppleWebKit/537.36 (KHTML, like Gecko) Chrome/57.0.2987.133 Safari/537.36"
10.240.0.241 - - [14/Apr/2017:18:46:51 +0000] "GET /BioStylesheet.css HTTP/1.1" 200 1062 "https://webpage-barva-dylan-dylanb5402.c9users.io/BIO.html" "Mozilla/5.0 (Windows NT 10.0; Win64; x64) AppleWebKit/537.36 (KHTML, like Gecko) Chrome/57.0.2987.133 Safari/537.36"
10.240.1.19 - - [14/Apr/2017:18:47:43 +0000] "GET /BIO.html HTTP/1.1" 200 1080 "-" "Mozilla/5.0 (Windows NT 10.0; Win64; x64) AppleWebKit/537.36 (KHTML, like Gecko) Chrome/57.0.2987.133 Safari/537.36"
10.240.0.179 - - [14/Apr/2017:18:47:43 +0000] "GET /BioStylesheet.css HTTP/1.1" 200 1062 "https://webpage-barva-dylan-dylanb5402.c9users.io/BIO.html" "Mozilla/5.0 (Windows NT 10.0; Win64; x64) AppleWebKit/537.36 (KHTML, like Gecko) Chrome/57.0.2987.133 Safari/537.36"
10.240.1.19 - - [14/Apr/2017:18:47:43 +0000] "GET /IDPLogo2.jpg HTTP/1.1" 304 182 "https://webpage-barva-dylan-dylanb5402.c9users.io/BIO.html" "Mozilla/5.0 (Windows NT 10.0; Win64; x64) AppleWebKit/537.36 (KHTML, like Gecko) Chrome/57.0.2987.133 Safari/537.36"
10.240.1.32 - - [14/Apr/2017:18:48:34 +0000] "GET /BIO.html HTTP/1.1" 200 1082 "-" "Mozilla/5.0 (Windows NT 10.0; Win64; x64) AppleWebKit/537.36 (KHTML, like Gecko) Chrome/57.0.2987.133 Safari/537.36"
10.240.1.32 - - [14/Apr/2017:18:48:34 +0000] "GET /BioStylesheet.css HTTP/1.1" 200 1062 "https://webpage-barva-dylan-dylanb5402.c9users.io/BIO.html" "Mozilla/5.0 (Windows NT 10.0; Win64; x64) AppleWebKit/537.36 (KHTML, like Gecko) Chrome/57.0.2987.133 Safari/537.36"
10.240.1.32 - - [14/Apr/2017:18:48:34 +0000] "GET /top-10-items-data-release.jpg HTTP/1.1" 304 182 "https://webpage-barva-dylan-dylanb5402.c9users.io/BIO.html" "Mozilla/5.0 (Windows NT 10.0; Win64; x64) AppleWebKit/537.36 (KHTML, like Gecko) Chrome/57.0.2987.133 Safari/537.36"
10.240.0.182 - - [14/Apr/2017:18:49:20 +0000] "GET /BIO.html HTTP/1.1" 200 1087 "-" "Mozilla/5.0 (Windows NT 10.0; Win64; x64) AppleWebKit/537.36 (KHTML, like Gecko) Chrome/57.0.2987.133 Safari/537.36"
10.240.1.32 - - [14/Apr/2017:18:49:20 +0000] "GET /BioStylesheet.css HTTP/1.1" 200 1080 "https://webpage-barva-dylan-dylanb5402.c9users.io/BIO.html" "Mozilla/5.0 (Windows NT 10.0; Win64; x64) AppleWebKit/537.36 (KHTML, like Gecko) Chrome/57.0.2987.133 Safari/537.36"
10.240.0.241 - - [14/Apr/2017:18:49:37 +0000] "GET /BIO.html HTTP/1.1" 200 1087 "-" "Mozilla/5.0 (Windows NT 10.0; Win64; x64) AppleWebKit/537.36 (KHTML, like Gecko) Chrome/57.0.2987.133 Safari/537.36"
10.240.1.32 - - [14/Apr/2017:18:49:37 +0000] "GET /BioStylesheet.css HTTP/1.1" 200 1078 "https://webpage-barva-dylan-dylanb5402.c9users.io/BIO.html" "Mozilla/5.0 (Windows NT 10.0; Win64; x64) AppleWebKit/537.36 (KHTML, like Gecko) Chrome/57.0.2987.133 Safari/537.36"
10.240.1.15 - - [14/Apr/2017:18:50:02 +0000] "GET /BIO.html HTTP/1.1" 200 1087 "-" "Mozilla/5.0 (Windows NT 10.0; Win64; x64) AppleWebKit/537.36 (KHTML, like Gecko) Chrome/57.0.2987.133 Safari/537.36"
10.240.0.207 - - [14/Apr/2017:18:50:02 +0000] "GET /BioStylesheet.css HTTP/1.1" 200 1078 "https://webpage-barva-dylan-dylanb5402.c9users.io/BIO.html" "Mozilla/5.0 (Windows NT 10.0; Win64; x64) AppleWebKit/537.36 (KHTML, like Gecko) Chrome/57.0.2987.133 Safari/537.36"
10.240.1.15 - - [14/Apr/2017:18:50:26 +0000] "GET /BIO.html HTTP/1.1" 200 1087 "-" "Mozilla/5.0 (Windows NT 10.0; Win64; x64) AppleWebKit/537.36 (KHTML, like Gecko) Chrome/57.0.2987.133 Safari/537.36"
10.240.1.15 - - [14/Apr/2017:18:50:27 +0000] "GET /BioStylesheet.css HTTP/1.1" 200 1078 "https://webpage-barva-dylan-dylanb5402.c9users.io/BIO.html" "Mozilla/5.0 (Windows NT 10.0; Win64; x64) AppleWebKit/537.36 (KHTML, like Gecko) Chrome/57.0.2987.133 Safari/537.36"
10.240.0.241 - - [14/Apr/2017:18:51:30 +0000] "GET /BIO.html HTTP/1.1" 200 1087 "-" "Mozilla/5.0 (Windows NT 10.0; Win64; x64) AppleWebKit/537.36 (KHTML, like Gecko) Chrome/57.0.2987.133 Safari/537.36"
10.240.1.60 - - [14/Apr/2017:18:51:30 +0000] "GET /BioStylesheet.css HTTP/1.1" 200 1078 "https://webpage-barva-dylan-dylanb5402.c9users.io/BIO.html" "Mozilla/5.0 (Windows NT 10.0; Win64; x64) AppleWebKit/537.36 (KHTML, like Gecko) Chrome/57.0.2987.133 Safari/537.36"
10.240.0.207 - - [14/Apr/2017:18:51:43 +0000] "GET /BioStylesheet.css HTTP/1.1" 200 1078 "https://webpage-barva-dylan-dylanb5402.c9users.io/BIO.html" "Mozilla/5.0 (Windows NT 10.0; Win64; x64) AppleWebKit/537.36 (KHTML, like Gecko) Chrome/57.0.2987.133 Safari/537.36"
10.240.1.32 - - [14/Apr/2017:18:53:02 +0000] "GET /BIO.html HTTP/1.1" 200 1087 "-" "Mozilla/5.0 (Windows NT 10.0; Win64; x64) AppleWebKit/537.36 (KHTML, like Gecko) Chrome/57.0.2987.133 Safari/537.36"
10.240.0.69 - - [14/Apr/2017:18:53:02 +0000] "GET /BioStylesheet.css HTTP/1.1" 200 1083 "https://webpage-barva-dylan-dylanb5402.c9users.io/BIO.html" "Mozilla/5.0 (Windows NT 10.0; Win64; x64) AppleWebKit/537.36 (KHTML, like Gecko) Chrome/57.0.2987.133 Safari/537.36"
10.240.1.20 - - [14/Apr/2017:18:53:45 +0000] "GET /BIO.html HTTP/1.1" 200 1087 "-" "Mozilla/5.0 (Windows NT 10.0; Win64; x64) AppleWebKit/537.36 (KHTML, like Gecko) Chrome/57.0.2987.133 Safari/537.36"
10.240.1.20 - - [14/Apr/2017:18:53:45 +0000] "GET /BioStylesheet.css HTTP/1.1" 200 1082 "https://webpage-barva-dylan-dylanb5402.c9users.io/BIO.html" "Mozilla/5.0 (Windows NT 10.0; Win64; x64) AppleWebKit/537.36 (KHTML, like Gecko) Chrome/57.0.2987.133 Safari/537.36"
10.240.1.19 - - [14/Apr/2017:18:53:45 +0000] "GET /top-10-items-data-release.jpg HTTP/1.1" 304 182 "https://webpage-barva-dylan-dylanb5402.c9users.io/BIO.html" "Mozilla/5.0 (Windows NT 10.0; Win64; x64) AppleWebKit/537.36 (KHTML, like Gecko) Chrome/57.0.2987.133 Safari/537.36"
10.240.0.119 - - [14/Apr/2017:18:54:03 +0000] "GET /BioStylesheet.css HTTP/1.1" 200 1083 "https://webpage-barva-dylan-dylanb5402.c9users.io/BIO.html" "Mozilla/5.0 (Windows NT 10.0; Win64; x64) AppleWebKit/537.36 (KHTML, like Gecko) Chrome/57.0.2987.133 Safari/537.36"
10.240.1.60 - - [14/Apr/2017:18:54:08 +0000] "GET /BioStylesheet.css HTTP/1.1" 200 1083 "https://webpage-barva-dylan-dylanb5402.c9users.io/BIO.html" "Mozilla/5.0 (Windows NT 10.0; Win64; x64) AppleWebKit/537.36 (KHTML, like Gecko) Chrome/57.0.2987.133 Safari/537.36"
10.240.0.119 - - [14/Apr/2017:18:54:34 +0000] "GET /BIO.html HTTP/1.1" 200 1087 "-" "Mozilla/5.0 (Windows NT 10.0; Win64; x64) AppleWebKit/537.36 (KHTML, like Gecko) Chrome/57.0.2987.133 Safari/537.36"
10.240.1.17 - - [14/Apr/2017:18:54:34 +0000] "GET /BioStylesheet.css HTTP/1.1" 200 1083 "https://webpage-barva-dylan-dylanb5402.c9users.io/BIO.html" "Mozilla/5.0 (Windows NT 10.0; Win64; x64) AppleWebKit/537.36 (KHTML, like Gecko) Chrome/57.0.2987.133 Safari/537.36"
10.240.0.119 - - [14/Apr/2017:18:55:50 +0000] "GET /BIO.html HTTP/1.1" 200 1651 "-" "Mozilla/5.0 (Windows NT 10.0; Win64; x64) AppleWebKit/537.36 (KHTML, like Gecko) Chrome/57.0.2987.133 Safari/537.36"
10.240.0.207 - - [14/Apr/2017:18:55:50 +0000] "GET /BioStylesheet.css HTTP/1.1" 200 1083 "https://webpage-barva-dylan-dylanb5402.c9users.io/BIO.html" "Mozilla/5.0 (Windows NT 10.0; Win64; x64) AppleWebKit/537.36 (KHTML, like Gecko) Chrome/57.0.2987.133 Safari/537.36"
10.240.1.64 - - [14/Apr/2017:18:58:57 +0000] "GET /BIO.html HTTP/1.1" 200 1661 "-" "Mozilla/5.0 (Windows NT 10.0; Win64; x64) AppleWebKit/537.36 (KHTML, like Gecko) Chrome/57.0.2987.133 Safari/537.36"
10.240.1.64 - - [14/Apr/2017:18:58:58 +0000] "GET /BioStylesheet.css HTTP/1.1" 200 1083 "https://webpage-barva-dylan-dylanb5402.c9users.io/BIO.html" "Mozilla/5.0 (Windows NT 10.0; Win64; x64) AppleWebKit/537.36 (KHTML, like Gecko) Chrome/57.0.2987.133 Safari/537.36"
10.240.0.179 - - [14/Apr/2017:18:58:58 +0000] "GET /IDPLogo2.jpg HTTP/1.1" 304 182 "https://webpage-barva-dylan-dylanb5402.c9users.io/BIO.html" "Mozilla/5.0 (Windows NT 10.0; Win64; x64) AppleWebKit/537.36 (KHTML, like Gecko) Chrome/57.0.2987.133 Safari/537.36"
10.240.1.60 - - [14/Apr/2017:18:58:58 +0000] "GET /top-10-items-data-release.jpg HTTP/1.1" 304 182 "https://webpage-barva-dylan-dylanb5402.c9users.io/BIO.html" "Mozilla/5.0 (Windows NT 10.0; Win64; x64) AppleWebKit/537.36 (KHTML, like Gecko) Chrome/57.0.2987.133 Safari/537.36"
10.240.1.32 - - [14/Apr/2017:18:59:52 +0000] "GET /BIO.html HTTP/1.1" 200 1673 "-" "Mozilla/5.0 (Windows NT 10.0; Win64; x64) AppleWebKit/537.36 (KHTML, like Gecko) Chrome/57.0.2987.133 Safari/537.36"
10.240.0.187 - - [14/Apr/2017:18:59:52 +0000] "GET /BioStylesheet.css HTTP/1.1" 200 1083 "https://webpage-barva-dylan-dylanb5402.c9users.io/BIO.html" "Mozilla/5.0 (Windows NT 10.0; Win64; x64) AppleWebKit/537.36 (KHTML, like Gecko) Chrome/57.0.2987.133 Safari/537.36"
10.240.0.204 - - [14/Apr/2017:18:59:53 +0000] "GET /PressureChart.png HTTP/1.1" 200 8240 "https://webpage-barva-dylan-dylanb5402.c9users.io/BIO.html" "Mozilla/5.0 (Windows NT 10.0; Win64; x64) AppleWebKit/537.36 (KHTML, like Gecko) Chrome/57.0.2987.133 Safari/537.36"
10.240.0.110 - - [14/Apr/2017:19:01:35 +0000] "GET /BIO.html HTTP/1.1" 200 1682 "-" "Mozilla/5.0 (Windows NT 10.0; Win64; x64) AppleWebKit/537.36 (KHTML, like Gecko) Chrome/57.0.2987.133 Safari/537.36"
10.240.0.241 - - [14/Apr/2017:19:01:36 +0000] "GET /BioStylesheet.css HTTP/1.1" 200 1079 "https://webpage-barva-dylan-dylanb5402.c9users.io/BIO.html" "Mozilla/5.0 (Windows NT 10.0; Win64; x64) AppleWebKit/537.36 (KHTML, like Gecko) Chrome/57.0.2987.133 Safari/537.36"
10.240.0.206 - - [14/Apr/2017:19:01:36 +0000] "GET /PressureChart.png HTTP/1.1" 304 181 "https://webpage-barva-dylan-dylanb5402.c9users.io/BIO.html" "Mozilla/5.0 (Windows NT 10.0; Win64; x64) AppleWebKit/537.36 (KHTML, like Gecko) Chrome/57.0.2987.133 Safari/537.36"
10.240.0.187 - - [14/Apr/2017:19:02:08 +0000] "GET /BIO.html HTTP/1.1" 200 1682 "-" "Mozilla/5.0 (Windows NT 10.0; Win64; x64) AppleWebKit/537.36 (KHTML, like Gecko) Chrome/57.0.2987.133 Safari/537.36"
10.240.0.187 - - [14/Apr/2017:19:02:08 +0000] "GET /BioStylesheet.css HTTP/1.1" 200 1085 "https://webpage-barva-dylan-dylanb5402.c9users.io/BIO.html" "Mozilla/5.0 (Windows NT 10.0; Win64; x64) AppleWebKit/537.36 (KHTML, like Gecko) Chrome/57.0.2987.133 Safari/537.36"
10.240.0.187 - - [14/Apr/2017:19:02:08 +0000] "GET /PressureChart.png HTTP/1.1" 304 181 "https://webpage-barva-dylan-dylanb5402.c9users.io/BIO.html" "Mozilla/5.0 (Windows NT 10.0; Win64; x64) AppleWebKit/537.36 (KHTML, like Gecko) Chrome/57.0.2987.133 Safari/537.36"
10.240.0.186 - - [14/Apr/2017:19:02:23 +0000] "GET /BIO.html HTTP/1.1" 200 1682 "-" "Mozilla/5.0 (Windows NT 10.0; Win64; x64) AppleWebKit/537.36 (KHTML, like Gecko) Chrome/57.0.2987.133 Safari/537.36"
10.240.0.186 - - [14/Apr/2017:19:02:23 +0000] "GET /BioStylesheet.css HTTP/1.1" 200 1087 "https://webpage-barva-dylan-dylanb5402.c9users.io/BIO.html" "Mozilla/5.0 (Windows NT 10.0; Win64; x64) AppleWebKit/537.36 (KHTML, like Gecko) Chrome/57.0.2987.133 Safari/537.36"
10.240.1.17 - - [14/Apr/2017:19:02:35 +0000] "GET /BIO.html HTTP/1.1" 200 1682 "-" "Mozilla/5.0 (Windows NT 10.0; Win64; x64) AppleWebKit/537.36 (KHTML, like Gecko) Chrome/57.0.2987.133 Safari/537.36"
10.240.0.186 - - [14/Apr/2017:19:02:35 +0000] "GET /BioStylesheet.css HTTP/1.1" 200 1089 "https://webpage-barva-dylan-dylanb5402.c9users.io/BIO.html" "Mozilla/5.0 (Windows NT 10.0; Win64; x64) AppleWebKit/537.36 (KHTML, like Gecko) Chrome/57.0.2987.133 Safari/537.36"
10.240.0.186 - - [14/Apr/2017:19:02:35 +0000] "GET /PressureChart.png HTTP/1.1" 304 181 "https://webpage-barva-dylan-dylanb5402.c9users.io/BIO.html" "Mozilla/5.0 (Windows NT 10.0; Win64; x64) AppleWebKit/537.36 (KHTML, like Gecko) Chrome/57.0.2987.133 Safari/537.36"
10.240.1.20 - - [14/Apr/2017:19:02:48 +0000] "GET /BIO.html HTTP/1.1" 200 1682 "-" "Mozilla/5.0 (Windows NT 10.0; Win64; x64) AppleWebKit/537.36 (KHTML, like Gecko) Chrome/57.0.2987.133 Safari/537.36"
10.240.1.20 - - [14/Apr/2017:19:02:48 +0000] "GET /BioStylesheet.css HTTP/1.1" 200 1093 "https://webpage-barva-dylan-dylanb5402.c9users.io/BIO.html" "Mozilla/5.0 (Windows NT 10.0; Win64; x64) AppleWebKit/537.36 (KHTML, like Gecko) Chrome/57.0.2987.133 Safari/537.36"
10.240.0.186 - - [14/Apr/2017:19:02:59 +0000] "GET /BIO.html HTTP/1.1" 200 1682 "-" "Mozilla/5.0 (Windows NT 10.0; Win64; x64) AppleWebKit/537.36 (KHTML, like Gecko) Chrome/57.0.2987.133 Safari/537.36"
10.240.0.119 - - [14/Apr/2017:19:02:59 +0000] "GET /BioStylesheet.css HTTP/1.1" 200 1094 "https://webpage-barva-dylan-dylanb5402.c9users.io/BIO.html" "Mozilla/5.0 (Windows NT 10.0; Win64; x64) AppleWebKit/537.36 (KHTML, like Gecko) Chrome/57.0.2987.133 Safari/537.36"
10.240.1.15 - - [14/Apr/2017:19:03:21 +0000] "GET /BIO.html HTTP/1.1" 200 1682 "-" "Mozilla/5.0 (Windows NT 10.0; Win64; x64) AppleWebKit/537.36 (KHTML, like Gecko) Chrome/57.0.2987.133 Safari/537.36"
10.240.1.15 - - [14/Apr/2017:19:03:21 +0000] "GET /BioStylesheet.css HTTP/1.1" 200 1093 "https://webpage-barva-dylan-dylanb5402.c9users.io/BIO.html" "Mozilla/5.0 (Windows NT 10.0; Win64; x64) AppleWebKit/537.36 (KHTML, like Gecko) Chrome/57.0.2987.133 Safari/537.36"
10.240.1.15 - - [14/Apr/2017:19:03:22 +0000] "GET /PressureChart.png HTTP/1.1" 304 181 "https://webpage-barva-dylan-dylanb5402.c9users.io/BIO.html" "Mozilla/5.0 (Windows NT 10.0; Win64; x64) AppleWebKit/537.36 (KHTML, like Gecko) Chrome/57.0.2987.133 Safari/537.36"
10.240.0.207 - - [14/Apr/2017:19:03:37 +0000] "GET /BIO.html HTTP/1.1" 200 1682 "-" "Mozilla/5.0 (Windows NT 10.0; Win64; x64) AppleWebKit/537.36 (KHTML, like Gecko) Chrome/57.0.2987.133 Safari/537.36"
10.240.0.206 - - [14/Apr/2017:19:03:37 +0000] "GET /BioStylesheet.css HTTP/1.1" 200 1094 "https://webpage-barva-dylan-dylanb5402.c9users.io/BIO.html" "Mozilla/5.0 (Windows NT 10.0; Win64; x64) AppleWebKit/537.36 (KHTML, like Gecko) Chrome/57.0.2987.133 Safari/537.36"
10.240.0.69 - - [14/Apr/2017:19:03:42 +0000] "GET /BioStylesheet.css HTTP/1.1" 200 1094 "https://webpage-barva-dylan-dylanb5402.c9users.io/BIO.html" "Mozilla/5.0 (Windows NT 10.0; Win64; x64) AppleWebKit/537.36 (KHTML, like Gecko) Chrome/57.0.2987.133 Safari/537.36"
10.240.0.119 - - [14/Apr/2017:19:04:00 +0000] "GET /BIO.html HTTP/1.1" 200 1682 "-" "Mozilla/5.0 (Windows NT 10.0; Win64; x64) AppleWebKit/537.36 (KHTML, like Gecko) Chrome/57.0.2987.133 Safari/537.36"
10.240.0.119 - - [14/Apr/2017:19:04:01 +0000] "GET /BioStylesheet.css HTTP/1.1" 200 1095 "https://webpage-barva-dylan-dylanb5402.c9users.io/BIO.html" "Mozilla/5.0 (Windows NT 10.0; Win64; x64) AppleWebKit/537.36 (KHTML, like Gecko) Chrome/57.0.2987.133 Safari/537.36"
10.240.0.119 - - [14/Apr/2017:19:04:01 +0000] "GET /PressureChart.png HTTP/1.1" 304 181 "https://webpage-barva-dylan-dylanb5402.c9users.io/BIO.html" "Mozilla/5.0 (Windows NT 10.0; Win64; x64) AppleWebKit/537.36 (KHTML, like Gecko) Chrome/57.0.2987.133 Safari/537.36"
10.240.1.17 - - [14/Apr/2017:19:04:14 +0000] "GET /BioStylesheet.css HTTP/1.1" 200 1095 "https://webpage-barva-dylan-dylanb5402.c9users.io/BIO.html" "Mozilla/5.0 (Windows NT 10.0; Win64; x64) AppleWebKit/537.36 (KHTML, like Gecko) Chrome/57.0.2987.133 Safari/537.36"
10.240.0.186 - - [14/Apr/2017:19:04:25 +0000] "GET /BIO.html HTTP/1.1" 200 1682 "-" "Mozilla/5.0 (Windows NT 10.0; Win64; x64) AppleWebKit/537.36 (KHTML, like Gecko) Chrome/57.0.2987.133 Safari/537.36"
10.240.0.186 - - [14/Apr/2017:19:04:26 +0000] "GET /BioStylesheet.css HTTP/1.1" 200 1095 "https://webpage-barva-dylan-dylanb5402.c9users.io/BIO.html" "Mozilla/5.0 (Windows NT 10.0; Win64; x64) AppleWebKit/537.36 (KHTML, like Gecko) Chrome/57.0.2987.133 Safari/537.36"
10.240.0.119 - - [14/Apr/2017:19:04:37 +0000] "GET /BioStylesheet.css HTTP/1.1" 200 1094 "https://webpage-barva-dylan-dylanb5402.c9users.io/BIO.html" "Mozilla/5.0 (Windows NT 10.0; Win64; x64) AppleWebKit/537.36 (KHTML, like Gecko) Chrome/57.0.2987.133 Safari/537.36"
10.240.0.186 - - [14/Apr/2017:19:04:37 +0000] "GET /top-10-items-data-release.jpg HTTP/1.1" 304 182 "https://webpage-barva-dylan-dylanb5402.c9users.io/BIO.html" "Mozilla/5.0 (Windows NT 10.0; Win64; x64) AppleWebKit/537.36 (KHTML, like Gecko) Chrome/57.0.2987.133 Safari/537.36"
10.240.0.186 - - [14/Apr/2017:19:04:37 +0000] "GET /PressureChart.png HTTP/1.1" 304 181 "https://webpage-barva-dylan-dylanb5402.c9users.io/BIO.html" "Mozilla/5.0 (Windows NT 10.0; Win64; x64) AppleWebKit/537.36 (KHTML, like Gecko) Chrome/57.0.2987.133 Safari/537.36"
10.240.1.17 - - [14/Apr/2017:19:06:21 +0000] "GET /BIO.html HTTP/1.1" 200 2225 "-" "Mozilla/5.0 (Windows NT 10.0; Win64; x64) AppleWebKit/537.36 (KHTML, like Gecko) Chrome/57.0.2987.133 Safari/537.36"
10.240.1.17 - - [14/Apr/2017:19:06:21 +0000] "GET /BioStylesheet.css HTTP/1.1" 200 1094 "https://webpage-barva-dylan-dylanb5402.c9users.io/BIO.html" "Mozilla/5.0 (Windows NT 10.0; Win64; x64) AppleWebKit/537.36 (KHTML, like Gecko) Chrome/57.0.2987.133 Safari/537.36"
10.240.1.17 - - [14/Apr/2017:19:06:21 +0000] "GET /PressureChart.png HTTP/1.1" 304 181 "https://webpage-barva-dylan-dylanb5402.c9users.io/BIO.html" "Mozilla/5.0 (Windows NT 10.0; Win64; x64) AppleWebKit/537.36 (KHTML, like Gecko) Chrome/57.0.2987.133 Safari/537.36"
10.240.0.110 - - [14/Apr/2017:19:07:25 +0000] "GET /index.html HTTP/1.1" 200 1206 "-" "Mozilla/5.0 (Windows NT 10.0; Win64; x64) AppleWebKit/537.36 (KHTML, like Gecko) Chrome/57.0.2987.133 Safari/537.36"
10.240.0.186 - - [14/Apr/2017:19:07:26 +0000] "GET /stylesheet.css HTTP/1.1" 200 1030 "https://webpage-barva-dylan-dylanb5402.c9users.io/index.html" "Mozilla/5.0 (Windows NT 10.0; Win64; x64) AppleWebKit/537.36 (KHTML, like Gecko) Chrome/57.0.2987.133 Safari/537.36"
10.240.1.60 - - [14/Apr/2017:19:07:26 +0000] "GET /WasteShark.jpg HTTP/1.1" 304 182 "https://webpage-barva-dylan-dylanb5402.c9users.io/index.html" "Mozilla/5.0 (Windows NT 10.0; Win64; x64) AppleWebKit/537.36 (KHTML, like Gecko) Chrome/57.0.2987.133 Safari/537.36"
10.240.1.64 - - [14/Apr/2017:19:07:59 +0000] "GET /BIO.html HTTP/1.1" 200 2225 "-" "Mozilla/5.0 (Windows NT 10.0; Win64; x64) AppleWebKit/537.36 (KHTML, like Gecko) Chrome/57.0.2987.133 Safari/537.36"
10.240.0.187 - - [14/Apr/2017:19:07:59 +0000] "GET /BioStylesheet.css HTTP/1.1" 200 1091 "https://webpage-barva-dylan-dylanb5402.c9users.io/BIO.html" "Mozilla/5.0 (Windows NT 10.0; Win64; x64) AppleWebKit/537.36 (KHTML, like Gecko) Chrome/57.0.2987.133 Safari/537.36"
10.240.1.19 - - [14/Apr/2017:19:07:59 +0000] "GET /PressureChart.png HTTP/1.1" 304 181 "https://webpage-barva-dylan-dylanb5402.c9users.io/BIO.html" "Mozilla/5.0 (Windows NT 10.0; Win64; x64) AppleWebKit/537.36 (KHTML, like Gecko) Chrome/57.0.2987.133 Safari/537.36"
10.240.0.187 - - [14/Apr/2017:19:08:11 +0000] "GET /BIO.html HTTP/1.1" 200 2225 "-" "Mozilla/5.0 (Windows NT 10.0; Win64; x64) AppleWebKit/537.36 (KHTML, like Gecko) Chrome/57.0.2987.133 Safari/537.36"
10.240.0.207 - - [14/Apr/2017:19:08:11 +0000] "GET /BioStylesheet.css HTTP/1.1" 200 1087 "https://webpage-barva-dylan-dylanb5402.c9users.io/BIO.html" "Mozilla/5.0 (Windows NT 10.0; Win64; x64) AppleWebKit/537.36 (KHTML, like Gecko) Chrome/57.0.2987.133 Safari/537.36"
10.240.0.179 - - [14/Apr/2017:19:10:05 +0000] "GET /BIO.html HTTP/1.1" 200 2999 "-" "Mozilla/5.0 (Windows NT 10.0; Win64; x64) AppleWebKit/537.36 (KHTML, like Gecko) Chrome/57.0.2987.133 Safari/537.36"
10.240.0.241 - - [14/Apr/2017:19:10:05 +0000] "GET /BioStylesheet.css HTTP/1.1" 200 1087 "https://webpage-barva-dylan-dylanb5402.c9users.io/BIO.html" "Mozilla/5.0 (Windows NT 10.0; Win64; x64) AppleWebKit/537.36 (KHTML, like Gecko) Chrome/57.0.2987.133 Safari/537.36"
10.240.1.15 - - [14/Apr/2017:19:10:06 +0000] "GET /IDPLogo2.jpg HTTP/1.1" 304 182 "https://webpage-barva-dylan-dylanb5402.c9users.io/BIO.html" "Mozilla/5.0 (Windows NT 10.0; Win64; x64) AppleWebKit/537.36 (KHTML, like Gecko) Chrome/57.0.2987.133 Safari/537.36"
10.240.1.64 - - [14/Apr/2017:19:10:06 +0000] "GET /PressureChart.png HTTP/1.1" 304 181 "https://webpage-barva-dylan-dylanb5402.c9users.io/BIO.html" "Mozilla/5.0 (Windows NT 10.0; Win64; x64) AppleWebKit/537.36 (KHTML, like Gecko) Chrome/57.0.2987.133 Safari/537.36"
10.240.0.187 - - [14/Apr/2017:19:11:06 +0000] "GET /BIO.html HTTP/1.1" 200 3163 "-" "Mozilla/5.0 (Windows NT 10.0; Win64; x64) AppleWebKit/537.36 (KHTML, like Gecko) Chrome/57.0.2987.133 Safari/537.36"
10.240.0.187 - - [14/Apr/2017:19:11:06 +0000] "GET /BioStylesheet.css HTTP/1.1" 200 1087 "https://webpage-barva-dylan-dylanb5402.c9users.io/BIO.html" "Mozilla/5.0 (Windows NT 10.0; Win64; x64) AppleWebKit/537.36 (KHTML, like Gecko) Chrome/57.0.2987.133 Safari/537.36"
10.240.0.187 - - [14/Apr/2017:19:11:06 +0000] "GET /top-10-items-data-release.jpg HTTP/1.1" 304 182 "https://webpage-barva-dylan-dylanb5402.c9users.io/BIO.html" "Mozilla/5.0 (Windows NT 10.0; Win64; x64) AppleWebKit/537.36 (KHTML, like Gecko) Chrome/57.0.2987.133 Safari/537.36"
10.240.1.32 - - [14/Apr/2017:19:11:39 +0000] "GET /BIO.html HTTP/1.1" 200 3163 "-" "Mozilla/5.0 (Windows NT 10.0; Win64; x64) AppleWebKit/537.36 (KHTML, like Gecko) Chrome/57.0.2987.133 Safari/537.36"
10.240.0.207 - - [14/Apr/2017:19:11:40 +0000] "GET /BioStylesheet.css HTTP/1.1" 200 1146 "https://webpage-barva-dylan-dylanb5402.c9users.io/BIO.html" "Mozilla/5.0 (Windows NT 10.0; Win64; x64) AppleWebKit/537.36 (KHTML, like Gecko) Chrome/57.0.2987.133 Safari/537.36"
10.240.0.187 - - [14/Apr/2017:19:11:40 +0000] "GET /PressureChart.png HTTP/1.1" 304 181 "https://webpage-barva-dylan-dylanb5402.c9users.io/BIO.html" "Mozilla/5.0 (Windows NT 10.0; Win64; x64) AppleWebKit/537.36 (KHTML, like Gecko) Chrome/57.0.2987.133 Safari/537.36"
10.240.1.17 - - [14/Apr/2017:19:12:16 +0000] "GET /BIO.html HTTP/1.1" 200 3163 "-" "Mozilla/5.0 (Windows NT 10.0; Win64; x64) AppleWebKit/537.36 (KHTML, like Gecko) Chrome/57.0.2987.133 Safari/537.36"
10.240.1.60 - - [14/Apr/2017:19:12:17 +0000] "GET /BioStylesheet.css HTTP/1.1" 200 1156 "https://webpage-barva-dylan-dylanb5402.c9users.io/BIO.html" "Mozilla/5.0 (Windows NT 10.0; Win64; x64) AppleWebKit/537.36 (KHTML, like Gecko) Chrome/57.0.2987.133 Safari/537.36"
10.240.1.15 - - [14/Apr/2017:19:12:49 +0000] "GET /BIO.html HTTP/1.1" 200 3163 "-" "Mozilla/5.0 (Windows NT 10.0; Win64; x64) AppleWebKit/537.36 (KHTML, like Gecko) Chrome/57.0.2987.133 Safari/537.36"
10.240.0.186 - - [14/Apr/2017:19:12:49 +0000] "GET /BioStylesheet.css HTTP/1.1" 200 1157 "https://webpage-barva-dylan-dylanb5402.c9users.io/BIO.html" "Mozilla/5.0 (Windows NT 10.0; Win64; x64) AppleWebKit/537.36 (KHTML, like Gecko) Chrome/57.0.2987.133 Safari/537.36"
10.240.0.204 - - [14/Apr/2017:19:13:07 +0000] "GET /BIO.html HTTP/1.1" 200 3163 "-" "Mozilla/5.0 (Windows NT 10.0; Win64; x64) AppleWebKit/537.36 (KHTML, like Gecko) Chrome/57.0.2987.133 Safari/537.36"
10.240.1.20 - - [14/Apr/2017:19:13:07 +0000] "GET /BioStylesheet.css HTTP/1.1" 200 1158 "https://webpage-barva-dylan-dylanb5402.c9users.io/BIO.html" "Mozilla/5.0 (Windows NT 10.0; Win64; x64) AppleWebKit/537.36 (KHTML, like Gecko) Chrome/57.0.2987.133 Safari/537.36"
10.240.0.206 - - [14/Apr/2017:19:13:07 +0000] "GET /PressureChart.png HTTP/1.1" 304 181 "https://webpage-barva-dylan-dylanb5402.c9users.io/BIO.html" "Mozilla/5.0 (Windows NT 10.0; Win64; x64) AppleWebKit/537.36 (KHTML, like Gecko) Chrome/57.0.2987.133 Safari/537.36"
10.240.1.64 - - [14/Apr/2017:19:13:46 +0000] "GET /BIO.html HTTP/1.1" 200 3163 "-" "Mozilla/5.0 (Windows NT 10.0; Win64; x64) AppleWebKit/537.36 (KHTML, like Gecko) Chrome/57.0.2987.133 Safari/537.36"
10.240.0.207 - - [14/Apr/2017:19:13:47 +0000] "GET /BioStylesheet.css HTTP/1.1" 200 1155 "https://webpage-barva-dylan-dylanb5402.c9users.io/BIO.html" "Mozilla/5.0 (Windows NT 10.0; Win64; x64) AppleWebKit/537.36 (KHTML, like Gecko) Chrome/57.0.2987.133 Safari/537.36"
10.240.0.241 - - [14/Apr/2017:19:13:48 +0000] "GET /BIO.html HTTP/1.1" 200 3163 "-" "Mozilla/5.0 (Windows NT 10.0; Win64; x64) AppleWebKit/537.36 (KHTML, like Gecko) Chrome/57.0.2987.133 Safari/537.36"
10.240.1.20 - - [14/Apr/2017:19:13:57 +0000] "GET /BioStylesheet.css HTTP/1.1" 200 1155 "https://webpage-barva-dylan-dylanb5402.c9users.io/BIO.html" "Mozilla/5.0 (Windows NT 10.0; Win64; x64) AppleWebKit/537.36 (KHTML, like Gecko) Chrome/57.0.2987.133 Safari/537.36"
10.240.1.17 - - [14/Apr/2017:19:22:46 +0000] "GET /CAD.html HTTP/1.1" 200 842 "-" "Mozilla/5.0 (Windows NT 10.0; Win64; x64) AppleWebKit/537.36 (KHTML, like Gecko) Chrome/57.0.2987.133 Safari/537.36"
10.240.0.182 - - [14/Apr/2017:19:22:46 +0000] "GET /CADStylesheet.css HTTP/1.1" 200 1079 "https://webpage-barva-dylan-dylanb5402.c9users.io/CAD.html" "Mozilla/5.0 (Windows NT 10.0; Win64; x64) AppleWebKit/537.36 (KHTML, like Gecko) Chrome/57.0.2987.133 Safari/537.36"
10.240.1.19 - - [14/Apr/2017:19:22:46 +0000] "GET /IDPLogo2.jpg HTTP/1.1" 304 182 "https://webpage-barva-dylan-dylanb5402.c9users.io/CAD.html" "Mozilla/5.0 (Windows NT 10.0; Win64; x64) AppleWebKit/537.36 (KHTML, like Gecko) Chrome/57.0.2987.133 Safari/537.36"
10.240.0.110 - - [14/Apr/2017:19:23:28 +0000] "GET /BIO.html HTTP/1.1" 200 3161 "-" "Mozilla/5.0 (Windows NT 10.0; Win64; x64) AppleWebKit/537.36 (KHTML, like Gecko) Chrome/57.0.2987.133 Safari/537.36"
10.240.0.241 - - [14/Apr/2017:19:23:28 +0000] "GET /BioStylesheet.css HTTP/1.1" 200 1112 "https://webpage-barva-dylan-dylanb5402.c9users.io/BIO.html" "Mozilla/5.0 (Windows NT 10.0; Win64; x64) AppleWebKit/537.36 (KHTML, like Gecko) Chrome/57.0.2987.133 Safari/537.36"
10.240.0.207 - - [14/Apr/2017:19:23:29 +0000] "GET /top-10-items-data-release.jpg HTTP/1.1" 304 182 "https://webpage-barva-dylan-dylanb5402.c9users.io/BIO.html" "Mozilla/5.0 (Windows NT 10.0; Win64; x64) AppleWebKit/537.36 (KHTML, like Gecko) Chrome/57.0.2987.133 Safari/537.36"
10.240.1.17 - - [14/Apr/2017:19:23:29 +0000] "GET /PressureChart.png HTTP/1.1" 304 181 "https://webpage-barva-dylan-dylanb5402.c9users.io/BIO.html" "Mozilla/5.0 (Windows NT 10.0; Win64; x64) AppleWebKit/537.36 (KHTML, like Gecko) Chrome/57.0.2987.133 Safari/537.36"
10.240.0.182 - - [14/Apr/2017:19:30:37 +0000] "GET /CAD.html HTTP/1.1" 200 914 "-" "Mozilla/5.0 (Windows NT 10.0; Win64; x64) AppleWebKit/537.36 (KHTML, like Gecko) Chrome/57.0.2987.133 Safari/537.36"
10.240.0.119 - - [14/Apr/2017:19:30:37 +0000] "GET /CADStylesheet.css HTTP/1.1" 200 1033 "https://webpage-barva-dylan-dylanb5402.c9users.io/CAD.html" "Mozilla/5.0 (Windows NT 10.0; Win64; x64) AppleWebKit/537.36 (KHTML, like Gecko) Chrome/57.0.2987.133 Safari/537.36"
10.240.1.17 - - [14/Apr/2017:19:30:37 +0000] "GET /CAD1.png HTTP/1.1" 404 529 "https://webpage-barva-dylan-dylanb5402.c9users.io/CAD.html" "Mozilla/5.0 (Windows NT 10.0; Win64; x64) AppleWebKit/537.36 (KHTML, like Gecko) Chrome/57.0.2987.133 Safari/537.36"
10.240.0.182 - - [14/Apr/2017:19:30:37 +0000] "GET /CAD2.png HTTP/1.1" 404 529 "https://webpage-barva-dylan-dylanb5402.c9users.io/CAD.html" "Mozilla/5.0 (Windows NT 10.0; Win64; x64) AppleWebKit/537.36 (KHTML, like Gecko) Chrome/57.0.2987.133 Safari/537.36"
10.240.1.17 - - [14/Apr/2017:19:30:37 +0000] "GET /CAD1.png HTTP/1.1" 404 529 "https://webpage-barva-dylan-dylanb5402.c9users.io/CAD.html" "Mozilla/5.0 (Windows NT 10.0; Win64; x64) AppleWebKit/537.36 (KHTML, like Gecko) Chrome/57.0.2987.133 Safari/537.36"
10.240.0.186 - - [14/Apr/2017:19:31:26 +0000] "GET /CAD.html HTTP/1.1" 200 914 "-" "Mozilla/5.0 (Windows NT 10.0; Win64; x64) AppleWebKit/537.36 (KHTML, like Gecko) Chrome/57.0.2987.133 Safari/537.36"
10.240.1.60 - - [14/Apr/2017:19:31:26 +0000] "GET /CADStylesheet.css HTTP/1.1" 200 1033 "https://webpage-barva-dylan-dylanb5402.c9users.io/CAD.html" "Mozilla/5.0 (Windows NT 10.0; Win64; x64) AppleWebKit/537.36 (KHTML, like Gecko) Chrome/57.0.2987.133 Safari/537.36"
10.240.0.119 - - [14/Apr/2017:19:31:26 +0000] "GET /CAD1.png HTTP/1.1" 200 23471 "https://webpage-barva-dylan-dylanb5402.c9users.io/CAD.html" "Mozilla/5.0 (Windows NT 10.0; Win64; x64) AppleWebKit/537.36 (KHTML, like Gecko) Chrome/57.0.2987.133 Safari/537.36"
10.240.0.241 - - [14/Apr/2017:19:31:26 +0000] "GET /CAD2.png HTTP/1.1" 200 31498 "https://webpage-barva-dylan-dylanb5402.c9users.io/CAD.html" "Mozilla/5.0 (Windows NT 10.0; Win64; x64) AppleWebKit/537.36 (KHTML, like Gecko) Chrome/57.0.2987.133 Safari/537.36"
10.240.0.119 - - [14/Apr/2017:19:32:04 +0000] "GET /CAD.html HTTP/1.1" 200 913 "-" "Mozilla/5.0 (Windows NT 10.0; Win64; x64) AppleWebKit/537.36 (KHTML, like Gecko) Chrome/57.0.2987.133 Safari/537.36"
10.240.1.17 - - [14/Apr/2017:19:32:05 +0000] "GET /CADStylesheet.css HTTP/1.1" 200 1033 "https://webpage-barva-dylan-dylanb5402.c9users.io/CAD.html" "Mozilla/5.0 (Windows NT 10.0; Win64; x64) AppleWebKit/537.36 (KHTML, like Gecko) Chrome/57.0.2987.133 Safari/537.36"
10.240.1.17 - - [14/Apr/2017:19:32:05 +0000] "GET /CAD1.png HTTP/1.1" 304 181 "https://webpage-barva-dylan-dylanb5402.c9users.io/CAD.html" "Mozilla/5.0 (Windows NT 10.0; Win64; x64) AppleWebKit/537.36 (KHTML, like Gecko) Chrome/57.0.2987.133 Safari/537.36"
10.240.0.119 - - [14/Apr/2017:19:32:05 +0000] "GET /CAD2.png HTTP/1.1" 304 181 "https://webpage-barva-dylan-dylanb5402.c9users.io/CAD.html" "Mozilla/5.0 (Windows NT 10.0; Win64; x64) AppleWebKit/537.36 (KHTML, like Gecko) Chrome/57.0.2987.133 Safari/537.36"
10.240.1.32 - - [14/Apr/2017:19:33:14 +0000] "GET /CAD.html HTTP/1.1" 200 924 "-" "Mozilla/5.0 (Windows NT 10.0; Win64; x64) AppleWebKit/537.36 (KHTML, like Gecko) Chrome/57.0.2987.133 Safari/537.36"
10.240.1.15 - - [14/Apr/2017:19:33:14 +0000] "GET /CADStylesheet.css HTTP/1.1" 200 1047 "https://webpage-barva-dylan-dylanb5402.c9users.io/CAD.html" "Mozilla/5.0 (Windows NT 10.0; Win64; x64) AppleWebKit/537.36 (KHTML, like Gecko) Chrome/57.0.2987.133 Safari/537.36"
10.240.0.179 - - [14/Apr/2017:19:33:14 +0000] "GET /CAD1.png HTTP/1.1" 304 181 "https://webpage-barva-dylan-dylanb5402.c9users.io/CAD.html" "Mozilla/5.0 (Windows NT 10.0; Win64; x64) AppleWebKit/537.36 (KHTML, like Gecko) Chrome/57.0.2987.133 Safari/537.36"
10.240.0.187 - - [14/Apr/2017:19:33:14 +0000] "GET /CAD2.png HTTP/1.1" 304 181 "https://webpage-barva-dylan-dylanb5402.c9users.io/CAD.html" "Mozilla/5.0 (Windows NT 10.0; Win64; x64) AppleWebKit/537.36 (KHTML, like Gecko) Chrome/57.0.2987.133 Safari/537.36"
10.240.0.179 - - [14/Apr/2017:19:33:33 +0000] "GET /CAD.html HTTP/1.1" 200 924 "-" "Mozilla/5.0 (Windows NT 10.0; Win64; x64) AppleWebKit/537.36 (KHTML, like Gecko) Chrome/57.0.2987.133 Safari/537.36"
10.240.0.187 - - [14/Apr/2017:19:33:34 +0000] "GET /CADStylesheet.css HTTP/1.1" 200 1051 "https://webpage-barva-dylan-dylanb5402.c9users.io/CAD.html" "Mozilla/5.0 (Windows NT 10.0; Win64; x64) AppleWebKit/537.36 (KHTML, like Gecko) Chrome/57.0.2987.133 Safari/537.36"
10.240.0.204 - - [14/Apr/2017:19:34:06 +0000] "GET /CAD.html HTTP/1.1" 200 924 "-" "Mozilla/5.0 (Windows NT 10.0; Win64; x64) AppleWebKit/537.36 (KHTML, like Gecko) Chrome/57.0.2987.133 Safari/537.36"
10.240.0.182 - - [14/Apr/2017:19:34:07 +0000] "GET /CADStylesheet.css HTTP/1.1" 200 1067 "https://webpage-barva-dylan-dylanb5402.c9users.io/CAD.html" "Mozilla/5.0 (Windows NT 10.0; Win64; x64) AppleWebKit/537.36 (KHTML, like Gecko) Chrome/57.0.2987.133 Safari/537.36"
10.240.0.207 - - [14/Apr/2017:19:34:07 +0000] "GET /CAD2.png HTTP/1.1" 304 181 "https://webpage-barva-dylan-dylanb5402.c9users.io/CAD.html" "Mozilla/5.0 (Windows NT 10.0; Win64; x64) AppleWebKit/537.36 (KHTML, like Gecko) Chrome/57.0.2987.133 Safari/537.36"
10.240.1.60 - - [14/Apr/2017:19:34:07 +0000] "GET /CAD1.png HTTP/1.1" 304 181 "https://webpage-barva-dylan-dylanb5402.c9users.io/CAD.html" "Mozilla/5.0 (Windows NT 10.0; Win64; x64) AppleWebKit/537.36 (KHTML, like Gecko) Chrome/57.0.2987.133 Safari/537.36"
10.240.0.187 - - [14/Apr/2017:19:47:18 +0000] "GET /Bio/BIO.html HTTP/1.1" 200 4012 "-" "Mozilla/5.0 (Windows NT 10.0; Win64; x64) AppleWebKit/537.36 (KHTML, like Gecko) Chrome/57.0.2987.133 Safari/537.36"
10.240.0.241 - - [14/Apr/2017:19:47:19 +0000] "GET /Bio/BioStylesheet.css HTTP/1.1" 200 1112 "https://webpage-barva-dylan-dylanb5402.c9users.io/Bio/BIO.html" "Mozilla/5.0 (Windows NT 10.0; Win64; x64) AppleWebKit/537.36 (KHTML, like Gecko) Chrome/57.0.2987.133 Safari/537.36"
10.240.0.187 - - [14/Apr/2017:19:47:19 +0000] "GET /Bio/IDPLogo2.jpg HTTP/1.1" 404 537 "https://webpage-barva-dylan-dylanb5402.c9users.io/Bio/BIO.html" "Mozilla/5.0 (Windows NT 10.0; Win64; x64) AppleWebKit/537.36 (KHTML, like Gecko) Chrome/57.0.2987.133 Safari/537.36"
10.240.0.179 - - [14/Apr/2017:19:47:19 +0000] "GET /Bio/PressureChart.png HTTP/1.1" 200 8240 "https://webpage-barva-dylan-dylanb5402.c9users.io/Bio/BIO.html" "Mozilla/5.0 (Windows NT 10.0; Win64; x64) AppleWebKit/537.36 (KHTML, like Gecko) Chrome/57.0.2987.133 Safari/537.36"
10.240.0.110 - - [14/Apr/2017:19:47:19 +0000] "GET /Bio/top-10-items-data-release.jpg HTTP/1.1" 200 860544 "https://webpage-barva-dylan-dylanb5402.c9users.io/Bio/BIO.html" "Mozilla/5.0 (Windows NT 10.0; Win64; x64) AppleWebKit/537.36 (KHTML, like Gecko) Chrome/57.0.2987.133 Safari/537.36"
10.240.0.119 - - [14/Apr/2017:19:47:52 +0000] "GET /Bio/BIO.html HTTP/1.1" 200 4018 "-" "Mozilla/5.0 (Windows NT 10.0; Win64; x64) AppleWebKit/537.36 (KHTML, like Gecko) Chrome/57.0.2987.133 Safari/537.36"
10.240.0.206 - - [14/Apr/2017:19:47:52 +0000] "GET /Bio/IDPLogo2.jpg HTTP/1.1" 404 537 "https://webpage-barva-dylan-dylanb5402.c9users.io/Bio/BIO.html" "Mozilla/5.0 (Windows NT 10.0; Win64; x64) AppleWebKit/537.36 (KHTML, like Gecko) Chrome/57.0.2987.133 Safari/537.36"
10.240.0.207 - - [14/Apr/2017:19:47:56 +0000] "GET /Bio/BIO.html HTTP/1.1" 200 4018 "-" "Mozilla/5.0 (Windows NT 10.0; Win64; x64) AppleWebKit/537.36 (KHTML, like Gecko) Chrome/57.0.2987.133 Safari/537.36"
10.240.0.206 - - [14/Apr/2017:19:47:56 +0000] "GET /Bio/IDPLogo2.jpg HTTP/1.1" 404 537 "https://webpage-barva-dylan-dylanb5402.c9users.io/Bio/BIO.html" "Mozilla/5.0 (Windows NT 10.0; Win64; x64) AppleWebKit/537.36 (KHTML, like Gecko) Chrome/57.0.2987.133 Safari/537.36"
10.240.0.186 - - [14/Apr/2017:19:47:57 +0000] "GET /Bio/BIO.html HTTP/1.1" 200 4018 "-" "Mozilla/5.0 (Windows NT 10.0; Win64; x64) AppleWebKit/537.36 (KHTML, like Gecko) Chrome/57.0.2987.133 Safari/537.36"
10.240.0.241 - - [14/Apr/2017:19:47:57 +0000] "GET /Bio/IDPLogo2.jpg HTTP/1.1" 404 537 "https://webpage-barva-dylan-dylanb5402.c9users.io/Bio/BIO.html" "Mozilla/5.0 (Windows NT 10.0; Win64; x64) AppleWebKit/537.36 (KHTML, like Gecko) Chrome/57.0.2987.133 Safari/537.36"
10.240.0.187 - - [14/Apr/2017:19:48:26 +0000] "GET /Bio/BIO.html HTTP/1.1" 200 4018 "-" "Mozilla/5.0 (Windows NT 10.0; Win64; x64) AppleWebKit/537.36 (KHTML, like Gecko) Chrome/57.0.2987.133 Safari/537.36"
10.240.0.186 - - [14/Apr/2017:19:48:27 +0000] "GET /Bio/IDPLogo2.jpg HTTP/1.1" 404 537 "https://webpage-barva-dylan-dylanb5402.c9users.io/Bio/BIO.html" "Mozilla/5.0 (Windows NT 10.0; Win64; x64) AppleWebKit/537.36 (KHTML, like Gecko) Chrome/57.0.2987.133 Safari/537.36"
10.240.1.60 - - [14/Apr/2017:19:49:10 +0000] "GET /CAD/CAD.html HTTP/1.1" 200 924 "-" "Mozilla/5.0 (Windows NT 10.0; Win64; x64) AppleWebKit/537.36 (KHTML, like Gecko) Chrome/57.0.2987.133 Safari/537.36"
10.240.0.186 - - [14/Apr/2017:19:49:10 +0000] "GET /CAD/CADStylesheet.css HTTP/1.1" 200 1067 "https://webpage-barva-dylan-dylanb5402.c9users.io/CAD/CAD.html" "Mozilla/5.0 (Windows NT 10.0; Win64; x64) AppleWebKit/537.36 (KHTML, like Gecko) Chrome/57.0.2987.133 Safari/537.36"
10.240.0.186 - - [14/Apr/2017:19:49:10 +0000] "GET /CAD/IDPLogo2.jpg HTTP/1.1" 404 537 "https://webpage-barva-dylan-dylanb5402.c9users.io/CAD/CAD.html" "Mozilla/5.0 (Windows NT 10.0; Win64; x64) AppleWebKit/537.36 (KHTML, like Gecko) Chrome/57.0.2987.133 Safari/537.36"
10.240.1.17 - - [14/Apr/2017:19:49:10 +0000] "GET /CAD/CAD1.png HTTP/1.1" 200 23471 "https://webpage-barva-dylan-dylanb5402.c9users.io/CAD/CAD.html" "Mozilla/5.0 (Windows NT 10.0; Win64; x64) AppleWebKit/537.36 (KHTML, like Gecko) Chrome/57.0.2987.133 Safari/537.36"
10.240.0.186 - - [14/Apr/2017:19:49:10 +0000] "GET /CAD/CAD2.png HTTP/1.1" 200 31498 "https://webpage-barva-dylan-dylanb5402.c9users.io/CAD/CAD.html" "Mozilla/5.0 (Windows NT 10.0; Win64; x64) AppleWebKit/537.36 (KHTML, like Gecko) Chrome/57.0.2987.133 Safari/537.36"
10.240.1.15 - - [14/Apr/2017:19:49:49 +0000] "GET /CAD/IDPLogo2.jpg HTTP/1.1" 404 537 "https://webpage-barva-dylan-dylanb5402.c9users.io/CAD/CAD.html" "Mozilla/5.0 (Windows NT 10.0; Win64; x64) AppleWebKit/537.36 (KHTML, like Gecko) Chrome/57.0.2987.133 Safari/537.36"
10.240.1.32 - - [14/Apr/2017:19:51:05 +0000] "GET /BIO.html HTTP/1.1" 200 4018 "-" "Mozilla/5.0 (Windows NT 10.0; Win64; x64) AppleWebKit/537.36 (KHTML, like Gecko) Chrome/57.0.2987.133 Safari/537.36"
10.240.1.32 - - [14/Apr/2017:19:51:05 +0000] "GET /BioStylesheet.css HTTP/1.1" 200 1112 "https://webpage-barva-dylan-dylanb5402.c9users.io/BIO.html" "Mozilla/5.0 (Windows NT 10.0; Win64; x64) AppleWebKit/537.36 (KHTML, like Gecko) Chrome/57.0.2987.133 Safari/537.36"
10.240.1.32 - - [14/Apr/2017:19:51:05 +0000] "GET /IDPLogo2.jpg HTTP/1.1" 304 182 "https://webpage-barva-dylan-dylanb5402.c9users.io/BIO.html" "Mozilla/5.0 (Windows NT 10.0; Win64; x64) AppleWebKit/537.36 (KHTML, like Gecko) Chrome/57.0.2987.133 Safari/537.36"
10.240.1.32 - - [14/Apr/2017:19:51:05 +0000] "GET /top-10-items-data-release.jpg HTTP/1.1" 304 182 "https://webpage-barva-dylan-dylanb5402.c9users.io/BIO.html" "Mozilla/5.0 (Windows NT 10.0; Win64; x64) AppleWebKit/537.36 (KHTML, like Gecko) Chrome/57.0.2987.133 Safari/537.36"
10.240.1.32 - - [14/Apr/2017:19:51:05 +0000] "GET /PressureChart.png HTTP/1.1" 304 181 "https://webpage-barva-dylan-dylanb5402.c9users.io/BIO.html" "Mozilla/5.0 (Windows NT 10.0; Win64; x64) AppleWebKit/537.36 (KHTML, like Gecko) Chrome/57.0.2987.133 Safari/537.36"
10.240.1.20 - - [14/Apr/2017:19:53:13 +0000] "GET /CAD.html HTTP/1.1" 200 925 "-" "Mozilla/5.0 (Windows NT 10.0; Win64; x64) AppleWebKit/537.36 (KHTML, like Gecko) Chrome/57.0.2987.133 Safari/537.36"
10.240.0.179 - - [14/Apr/2017:19:53:13 +0000] "GET /CADStylesheet.css HTTP/1.1" 200 1067 "https://webpage-barva-dylan-dylanb5402.c9users.io/CAD.html" "Mozilla/5.0 (Windows NT 10.0; Win64; x64) AppleWebKit/537.36 (KHTML, like Gecko) Chrome/57.0.2987.133 Safari/537.36"
10.240.0.179 - - [14/Apr/2017:19:53:13 +0000] "GET /CAD1.png HTTP/1.1" 304 181 "https://webpage-barva-dylan-dylanb5402.c9users.io/CAD.html" "Mozilla/5.0 (Windows NT 10.0; Win64; x64) AppleWebKit/537.36 (KHTML, like Gecko) Chrome/57.0.2987.133 Safari/537.36"
10.240.0.241 - - [14/Apr/2017:19:53:13 +0000] "GET /CAD2.png HTTP/1.1" 304 181 "https://webpage-barva-dylan-dylanb5402.c9users.io/CAD.html" "Mozilla/5.0 (Windows NT 10.0; Win64; x64) AppleWebKit/537.36 (KHTML, like Gecko) Chrome/57.0.2987.133 Safari/537.36"
10.240.1.60 - - [14/Apr/2017:20:04:49 +0000] "GET /GEO.html HTTP/1.1" 200 957 "-" "Mozilla/5.0 (Windows NT 10.0; Win64; x64) AppleWebKit/537.36 (KHTML, like Gecko) Chrome/57.0.2987.133 Safari/537.36"
10.240.0.69 - - [14/Apr/2017:20:04:49 +0000] "GET /CADStylesheet.css HTTP/1.1" 200 1067 "https://webpage-barva-dylan-dylanb5402.c9users.io/GEO.html" "Mozilla/5.0 (Windows NT 10.0; Win64; x64) AppleWebKit/537.36 (KHTML, like Gecko) Chrome/57.0.2987.133 Safari/537.36"
10.240.0.241 - - [14/Apr/2017:20:09:32 +0000] "GET /GEO.html HTTP/1.1" 200 982 "-" "Mozilla/5.0 (Windows NT 10.0; Win64; x64) AppleWebKit/537.36 (KHTML, like Gecko) Chrome/57.0.2987.133 Safari/537.36"
10.240.1.15 - - [14/Apr/2017:20:09:32 +0000] "GET /CADStylesheet.css HTTP/1.1" 200 1067 "https://webpage-barva-dylan-dylanb5402.c9users.io/GEO.html" "Mozilla/5.0 (Windows NT 10.0; Win64; x64) AppleWebKit/537.36 (KHTML, like Gecko) Chrome/57.0.2987.133 Safari/537.36"
10.240.0.241 - - [14/Apr/2017:20:09:32 +0000] "GET /IDPLogo2.jpg HTTP/1.1" 304 182 "https://webpage-barva-dylan-dylanb5402.c9users.io/GEO.html" "Mozilla/5.0 (Windows NT 10.0; Win64; x64) AppleWebKit/537.36 (KHTML, like Gecko) Chrome/57.0.2987.133 Safari/537.36"
10.240.0.207 - - [14/Apr/2017:20:10:18 +0000] "GET /GEO.html HTTP/1.1" 200 982 "-" "Mozilla/5.0 (Windows NT 10.0; Win64; x64) AppleWebKit/537.36 (KHTML, like Gecko) Chrome/57.0.2987.133 Safari/537.36"
10.240.1.20 - - [14/Apr/2017:20:10:41 +0000] "GET /GEO.html HTTP/1.1" 200 985 "-" "Mozilla/5.0 (Windows NT 10.0; Win64; x64) AppleWebKit/537.36 (KHTML, like Gecko) Chrome/57.0.2987.133 Safari/537.36"
10.240.1.19 - - [14/Apr/2017:20:11:20 +0000] "GET /GEO.html HTTP/1.1" 200 985 "-" "Mozilla/5.0 (Windows NT 10.0; Win64; x64) AppleWebKit/537.36 (KHTML, like Gecko) Chrome/57.0.2987.133 Safari/537.36"
10.240.0.179 - - [14/Apr/2017:20:12:33 +0000] "GET /GEO.html HTTP/1.1" 200 1001 "-" "Mozilla/5.0 (Windows NT 10.0; Win64; x64) AppleWebKit/537.36 (KHTML, like Gecko) Chrome/57.0.2987.133 Safari/537.36"
10.240.0.204 - - [14/Apr/2017:20:12:53 +0000] "GET /GEO.html HTTP/1.1" 200 1001 "-" "Mozilla/5.0 (Windows NT 10.0; Win64; x64) AppleWebKit/537.36 (KHTML, like Gecko) Chrome/57.0.2987.133 Safari/537.36"
10.240.1.15 - - [14/Apr/2017:20:14:06 +0000] "GET /GEO.html HTTP/1.1" 200 1001 "-" "Mozilla/5.0 (Windows NT 10.0; Win64; x64) AppleWebKit/537.36 (KHTML, like Gecko) Chrome/57.0.2987.133 Safari/537.36"
10.240.1.32 - - [14/Apr/2017:20:14:06 +0000] "GET /CADStylesheet.css HTTP/1.1" 200 1067 "https://webpage-barva-dylan-dylanb5402.c9users.io/GEO.html" "Mozilla/5.0 (Windows NT 10.0; Win64; x64) AppleWebKit/537.36 (KHTML, like Gecko) Chrome/57.0.2987.133 Safari/537.36"
10.240.0.187 - - [14/Apr/2017:20:15:45 +0000] "GET /GEO.html HTTP/1.1" 200 1018 "-" "Mozilla/5.0 (Windows NT 10.0; Win64; x64) AppleWebKit/537.36 (KHTML, like Gecko) Chrome/57.0.2987.133 Safari/537.36"
10.240.0.179 - - [14/Apr/2017:20:16:12 +0000] "GET /GEO.html HTTP/1.1" 200 1018 "-" "Mozilla/5.0 (Windows NT 10.0; Win64; x64) AppleWebKit/537.36 (KHTML, like Gecko) Chrome/57.0.2987.133 Safari/537.36"
10.240.1.64 - - [14/Apr/2017:20:18:15 +0000] "GET /GEO.html HTTP/1.1" 200 1012 "-" "Mozilla/5.0 (Windows NT 10.0; Win64; x64) AppleWebKit/537.36 (KHTML, like Gecko) Chrome/57.0.2987.133 Safari/537.36"
10.240.0.119 - - [14/Apr/2017:20:18:15 +0000] "GET /CADStylesheet.css HTTP/1.1" 200 1067 "https://webpage-barva-dylan-dylanb5402.c9users.io/GEO.html" "Mozilla/5.0 (Windows NT 10.0; Win64; x64) AppleWebKit/537.36 (KHTML, like Gecko) Chrome/57.0.2987.133 Safari/537.36"
10.240.0.207 - - [14/Apr/2017:20:19:03 +0000] "GET /GEO.html HTTP/1.1" 200 1012 "-" "Mozilla/5.0 (Windows NT 10.0; Win64; x64) AppleWebKit/537.36 (KHTML, like Gecko) Chrome/57.0.2987.133 Safari/537.36"
10.240.1.60 - - [14/Apr/2017:20:19:54 +0000] "GET /GEO.html HTTP/1.1" 200 1013 "-" "Mozilla/5.0 (Windows NT 10.0; Win64; x64) AppleWebKit/537.36 (KHTML, like Gecko) Chrome/57.0.2987.133 Safari/537.36"
10.240.1.32 - - [14/Apr/2017:20:19:54 +0000] "GET /GEOStylesheet.css HTTP/1.1" 200 1080 "https://webpage-barva-dylan-dylanb5402.c9users.io/GEO.html" "Mozilla/5.0 (Windows NT 10.0; Win64; x64) AppleWebKit/537.36 (KHTML, like Gecko) Chrome/57.0.2987.133 Safari/537.36"
10.240.1.60 - - [14/Apr/2017:20:20:27 +0000] "GET /GEO.html HTTP/1.1" 200 1013 "-" "Mozilla/5.0 (Windows NT 10.0; Win64; x64) AppleWebKit/537.36 (KHTML, like Gecko) Chrome/57.0.2987.133 Safari/537.36"
10.240.1.17 - - [14/Apr/2017:20:20:27 +0000] "GET /GEOStylesheet.css HTTP/1.1" 200 1072 "https://webpage-barva-dylan-dylanb5402.c9users.io/GEO.html" "Mozilla/5.0 (Windows NT 10.0; Win64; x64) AppleWebKit/537.36 (KHTML, like Gecko) Chrome/57.0.2987.133 Safari/537.36"
10.240.1.64 - - [14/Apr/2017:20:20:47 +0000] "GET /GEO.html HTTP/1.1" 200 1013 "-" "Mozilla/5.0 (Windows NT 10.0; Win64; x64) AppleWebKit/537.36 (KHTML, like Gecko) Chrome/57.0.2987.133 Safari/537.36"
10.240.1.17 - - [14/Apr/2017:20:20:47 +0000] "GET /GEOStylesheet.css HTTP/1.1" 200 1077 "https://webpage-barva-dylan-dylanb5402.c9users.io/GEO.html" "Mozilla/5.0 (Windows NT 10.0; Win64; x64) AppleWebKit/537.36 (KHTML, like Gecko) Chrome/57.0.2987.133 Safari/537.36"
